// Jest Snapshot v1, https://goo.gl/fbAQLP

exports[`Cover is rendering renders 1`] = `
<DocumentFragment>
  <div
    class="bg"
  />
</DocumentFragment>
`;
