// Jest Snapshot v1, https://goo.gl/fbAQLP

exports[`Header component matches snapshot 1`] = `
<DocumentFragment>
  <div>
    <header>
      <h1
        style="color: white;"
      >
        <svg
          aria-hidden="true"
          class="svg-inline--fa fa-laptop fa-w-20 fa-1x "
          data-icon="laptop"
          data-prefix="fas"
          focusable="false"
          role="img"
          viewBox="0 0 640 512"
          xmlns="http://www.w3.org/2000/svg"
        >
          <path
            d="M624 416H381.54c-.74 19.81-14.71 32-32.74 32H288c-18.69 0-33.02-17.47-32.77-32H16c-8.8 0-16 7.2-16 16v16c0 35.2 28.8 64 64 64h512c35.2 0 64-28.8 64-64v-16c0-8.8-7.2-16-16-16zM576 48c0-26.4-21.6-48-48-48H112C85.6 0 64 21.6 64 48v336h512V48zm-64 272H128V64h384v256z"
            fill="currentColor"
          />
        </svg>
        Aaditi Pai
      </h1>
      <nav
        class="navbar navbar-expand-lg navbar-dark"
      >
        <button
          aria-controls="responsive-navbar-nav"
          aria-label="Toggle navigation"
          class="navbar-toggler collapsed"
          type="button"
        >
          <span
            class="navbar-toggler-icon"
          />
        </button>
        <div
          class="navbar-collapse collapse"
          id="responsive-navbar-nav"
        >
          <div
            class="mr-auto navbar-nav"
          >
            <a
              class="mx-2 nav-link"
              href="#"
              role="button"
            />
            <a
              data-testid="cover"
              href="#"
            >
              Cover
            </a>
          </div>
        </div>
      </nav>
    </header>
  </div>
</DocumentFragment>
`;
